../Core/Src/main.c:84:6:set_led	3
../Core/Src/main.c:96:6:stanby_mode_check_interrupt_sourse	3
../Core/Src/main.c:121:6:deinit_uart	1
../Core/Src/main.c:134:13:rtc_wakeup_timer_settings	2
../Core/Src/main.c:144:13:enter_stop_mode	1
../Core/Src/main.c:161:13:enter_standby_mode	2
../Core/Src/main.c:186:5:main	7
../Core/Src/main.c:361:6:SystemClock_Config	3
../Core/Src/main.c:409:13:MX_RTC_Init	5
../Core/Src/main.c:479:13:MX_USART1_UART_Init	2
../Core/Src/main.c:512:13:MX_GPIO_Init	1
../Core/Src/main.c:576:6:HAL_RTCEx_WakeUpTimerEventCallback	2
../Core/Src/main.c:584:6:HAL_GPIO_EXTI_Callback	2
../Core/Src/main.c:598:6:Error_Handler	1
