../Core/Src/main.c:62:6:set_led	16	static
../Core/Src/main.c:88:6:deinit_uart	32	static
../Core/Src/main.c:101:13:rtc_wakeup_timer_settings	8	static
../Core/Src/main.c:111:13:enter_stop_mode	8	static
../Core/Src/main.c:134:5:main	64	static
../Core/Src/main.c:229:6:SystemClock_Config	88	static
../Core/Src/main.c:277:13:MX_RTC_Init	32	static
../Core/Src/main.c:347:13:MX_USART1_UART_Init	8	static
../Core/Src/main.c:380:13:MX_GPIO_Init	48	static
../Core/Src/main.c:444:6:HAL_RTCEx_WakeUpTimerEventCallback	16	static
../Core/Src/main.c:455:6:Error_Handler	4	static,ignoring_inline_asm
