../Core/Src/main.c:84:6:set_led	16	static
../Core/Src/main.c:96:6:stanby_mode_check_interrupt_sourse	16	static
../Core/Src/main.c:121:6:deinit_uart	32	static
../Core/Src/main.c:134:13:rtc_wakeup_timer_settings	8	static
../Core/Src/main.c:144:13:enter_stop_mode	8	static
../Core/Src/main.c:161:13:enter_standby_mode	8	static
../Core/Src/main.c:186:5:main	72	static
../Core/Src/main.c:361:6:SystemClock_Config	88	static
../Core/Src/main.c:409:13:MX_RTC_Init	32	static
../Core/Src/main.c:479:13:MX_USART1_UART_Init	8	static
../Core/Src/main.c:512:13:MX_GPIO_Init	48	static
../Core/Src/main.c:576:6:HAL_RTCEx_WakeUpTimerEventCallback	16	static
../Core/Src/main.c:584:6:HAL_GPIO_EXTI_Callback	16	static
../Core/Src/main.c:598:6:Error_Handler	4	static,ignoring_inline_asm
