../Core/Src/main.c:62:6:set_led	3
../Core/Src/main.c:73:6:init_uart	2
../Core/Src/main.c:88:6:deinit_uart	1
../Core/Src/main.c:101:13:rtc_wakeup_timmer_settings	2
../Core/Src/main.c:111:13:enter_stop_mode	1
../Core/Src/main.c:132:5:main	3
../Core/Src/main.c:227:6:SystemClock_Config	3
../Core/Src/main.c:275:13:MX_RTC_Init	5
../Core/Src/main.c:345:13:MX_USART1_UART_Init	2
../Core/Src/main.c:378:13:MX_GPIO_Init	1
../Core/Src/main.c:442:6:HAL_RTCEx_WakeUpTimerEventCallback	1
../Core/Src/main.c:453:6:Error_Handler	1
